<html>
<body>
<pre>
<h1>µVision Build Log</h1>
<h2>Project:</h2>
D:\BEERAPPA\WORKING_FOLDER\ALS-SDA-ARMCTXM3-06\ALS-SDA-ARMCTXM3-06_24sept_17\SOFTWARES\sum_of_1_to_10\sum.uvproj
Project File Date:  10/28/2017

<h2>Output:</h2>
Build target 'Target 1'
assembling startup_LPC17xx.s...
compiling sum.c...
compiling system_LPC17xx.c...
assembling sumten.s...
linking...
Program Size: Code=916 RO-data=428 RW-data=12 ZI-data=516  
FromELF: creating hex file...
"sum.axf" - 0 Error(s), 0 Warning(s).
