<html>
<body>
<pre>
<h1>µVision Build Log</h1>
<h2>Project:</h2>
D:\BEERAPPA\WORKING_FOLDER\ALS-SDA-ARMCTXM3-06\ALS-SDA-ARMCTXM3-06_24sept_17\SOFTWARES - Copy\ALP_PROGRAMS\sum_of_1_to_10\sum.uvproj
Project File Date:  12/29/2017

<h2>Output:</h2>
Build target 'Target 1'
linking...
Program Size: Code=1728 RO-data=420 RW-data=36 ZI-data=516  
FromELF: creating hex file...
".\sum.axf" - 0 Error(s), 0 Warning(s).
</pre>
</body>
</html>
a=420 RW-data=36 ZI-data=516  
FromELF: creating hex file...
".\sum.axf" - 0 Error(s), 0 Warning(s).
.axf" - 1 Error(s), 0 Warning(s).
Target not created
