


ARM Macro Assembler    Page 1 


    1 00000000         
    2 00000000                 THUMB
    3 00000000                 AREA             sum,CODE,READONLY
    4 00000000                 EXPORT           DVALUE
    5 00000000                 EXPORT           sumten
    6 00000000                 IMPORT           globvar
    7 00000000         ENTRY
    8 00000000         
    9 00000000         sumten
   10 00000000 F04F 010A       MOV              R1,#10      ; load 10 to regest
                                                            er
   11 00000004 F04F 0200       MOV              R2,#0       ; empty the registe
                                                            r to store result
   12 00000008         loop
   13 00000008 440A            ADD              R2,R2,R1    ; add the content o
                                                            f R1 with result at
                                                             R2
   14 0000000A 3901            SUBS             R1,#0x01    ; Decreament R1 by 
                                                            1
   15 0000000C D1FC            BNE              loop        ; repeat till r1 go
                                                            es 0
   16 0000000E         
   17 0000000E 4801            LDR              R0,=globvar ; load the addr of 
                                                            var into R0
   18 00000010 6002            STR              R2,[R0]     ; store the result 
                                                            into addrs location
                                                            
   19 00000012         
   20 00000012 4770            BX               LR          ; jumps back to C c
                                                            ode
   21 00000014         
   22 00000014 00000000        AREA             DATA1,DATA,READWRITE
   23 00000000         DVALUE
   24 00000000 00000000        DCD              0x00000000  ;
   25 00000004         
   26 00000004         
   27 00000004                 ALIGN
   28 00000004                 END
Command Line: --debug --xref --cpu=Cortex-M3 --apcs=interwork --depend=.\sumten
.d -o.\sumten.o -IC:\Keil4\ARM\RV31\INC -IC:\Keil4\ARM\CMSIS\Include -IC:\Keil4
\ARM\Inc\NXP\LPC17xx --predefine="__EVAL SETA 1" --predefine="__MICROLIB SETA 1
" --list=.\sumten.lst sumten.s



ARM Macro Assembler    Page 1 Alphabetic symbol ordering
Relocatable symbols

ENTRY 00000000

Symbol: ENTRY
   Definitions
      At line 7 in file sumten.s
   Uses
      None
Comment: ENTRY unused
loop 00000008

Symbol: loop
   Definitions
      At line 12 in file sumten.s
   Uses
      At line 15 in file sumten.s
Comment: loop used once
sum 00000000

Symbol: sum
   Definitions
      At line 3 in file sumten.s
   Uses
      None
Comment: sum unused
sumten 00000000

Symbol: sumten
   Definitions
      At line 9 in file sumten.s
   Uses
      At line 5 in file sumten.s
Comment: sumten used once
4 symbols



ARM Macro Assembler    Page 1 Alphabetic symbol ordering
Relocatable symbols

DATA1 00000000

Symbol: DATA1
   Definitions
      At line 22 in file sumten.s
   Uses
      None
Comment: DATA1 unused
DVALUE 00000000

Symbol: DVALUE
   Definitions
      At line 23 in file sumten.s
   Uses
      At line 4 in file sumten.s
Comment: DVALUE used once
2 symbols



ARM Macro Assembler    Page 1 Alphabetic symbol ordering
External symbols

globvar 00000000

Symbol: globvar
   Definitions
      At line 6 in file sumten.s
   Uses
      At line 17 in file sumten.s
Comment: globvar used once
1 symbol
341 symbols in table
