<html>
<body>
<pre>
<h1>µVision Build Log</h1>
<h2>Project:</h2>
D:\BEERAPPA\WORKING_FOLDER\ALS-SDA-ARMCTXM3-06\ALS-SDA-ARMCTXM3-06_24sept_17\SOFTWARES - Copy\4INT_ADC\INT_ADC.uvproj
Project File Date:  09/22/2017

<h2>Output:</h2>
Build target 'Target 1'
assembling startup_LPC17xx.s...
compiling INT_ADC.c...
INT_ADC.c(59): warning:  #167-D: argument of type "unsigned char *" is incompatible with parameter of type "char *restrict"
INT_ADC.c(60): warning:  #167-D: argument of type "unsigned char *" is incompatible with parameter of type "char *restrict"
compiling AN_LCD.c...
compiling system_LPC17xx.c...
linking...
Program Size: Code=5708 RO-data=236 RW-data=12 ZI-data=516  
FromELF: creating hex file...
"INT_ADC.axf" - 0 Error(s), 2 Warning(s).
