<html>
<body>
<pre>
<h1>µVision Build Log</h1>
<h2>Project:</h2>
D:\BEERAPPA\WORKING_FOLDER\ALS-SDA-ARMCTXM3-06\ALS-SDA-ARMCTXM3-06_24sept_17\SOFTWARES - Copy\6Key Board LCD\KEY_LCD.uvproj
Project File Date:  12/25/2017

<h2>Output:</h2>
Build target 'Target 1'
compiling AN_LCD.c...
compiling KEY_PAD.c...
compiling system_LPC17xx.c...
assembling startup_LPC17xx.s...
linking...
Program Size: Code=2292 RO-data=236 RW-data=96 ZI-data=608  
FromELF: creating hex file...
"KEY_LCD.axf" - 0 Error(s), 0 Warning(s).
Build target 'Target 1'
linking...
Program Size: Code=2292 RO-data=236 RW-data=96 ZI-data=608  
FromELF: creating hex file...
"KEY_LCD.axf" - 0 Error(s), 0 Warning(s).
