<html>
<body>
<pre>
<h1>µVision Build Log</h1>
<h2>Project:</h2>
D:\BEERAPPA\WORKING_FOLDER\ALS-SDA-ARMCTXM3-06\ALS-SDA-ARMCTXM3-06_24sept_17\SOFTWARES - Copy\9Seven Segment\Seven_seg.uvproj
Project File Date:  06/18/2014

<h2>Output:</h2>
Build target 'Target 1'
assembling startup_LPC17xx.s...
compiling Seven_seg.c...
compiling system_LPC17xx.c...
linking...
Program Size: Code=1380 RO-data=236 RW-data=84 ZI-data=612  
FromELF: creating hex file...
"Seven_seg.axf" - 0 Error(s), 0 Warning(s).
