<html>
<body>
<pre>
<h1>µVision Build Log</h1>
<h2>Project:</h2>
D:\BEERAPPA\WORKING_FOLDER\ALS-SDA-ARMCTXM3-06\ALS-SDA-ARMCTXM3-06_24sept_17\SOFTWARES - Copy\spi_temp_sensor\temp.uvproj
Project File Date:  12/29/2017

<h2>Output:</h2>
Build target 'Target 1'
linking...
Program Size: Code=5772 RO-data=236 RW-data=72 ZI-data=528  
FromELF: creating hex file...
".\temp.axf" - 0 Error(s), 0 Warning(s).
</pre>
</body>
</html>
" is incompatible with parameter of type "char *restrict"
        sprintf(temp_float,"%3.2f",temp_valC);  
temp.c: 1 warning, 0 errors
compiling SPI.c...
linking...
Program Size: Code=5772 RO-data=236 RW-data=72 ZI-data=528  
FromELF: creating hex file...
".\temp.axf" - 0 Error(s), 1 Warning(s).
ined (by spi.o and temp.o).
Not enough information to list image symbols.
Not enough information to list the image map.
Finished: 2 information, 0 warning and 2 error messages.
".\temp.axf" - 2 Error(s), 1 Warning(s).
Target not created
temp.axf" - 4 Error(s), 1 Warning(s).
Target not created
