<html>
<body>
<pre>
<h1>µVision Build Log</h1>
<h2>Project:</h2>
D:\BEERAPPA\WORKING_FOLDER\ALS-SDA-ARMCTXM3-06\ALS-SDA-ARMCTXM3-06_24sept_17\SOFTWARES - Copy\10buzz_relay_led\RELAY.uvproj
Project File Date:  12/29/2017

<h2>Output:</h2>
Rebuild target 'Target 1'
assembling startup_LPC17xx.s...
compiling Relay.c...
Relay.c(48): warning:  #1-D: last line of file ends without a newline
   
Relay.c: 1 warning, 0 errors
compiling system_LPC17xx.c...
linking...
Program Size: Code=1264 RO-data=320 RW-data=4 ZI-data=612  
FromELF: creating hex file...
".\RELAY.axf" - 0 Error(s), 1 Warning(s).
</pre>
</body>
</html>
