<html>
<body>
<pre>
<h1>µVision Build Log</h1>
<h2>Project:</h2>
D:\BEERAPPA\WORKING_FOLDER\ALS-SDA-ARMCTXM3-06\ALS-SDA-ARMCTXM3-06_24sept_17\SOFTWARES - Copy\7PWM\PWM.uvproj
Project File Date:  12/29/2017

<h2>Output:</h2>
Rebuild target 'Target 1'
assembling startup_LPC17xx.s...
compiling PWM.c...
compiling system_LPC17xx.c...
linking...
Program Size: Code=1452 RO-data=236 RW-data=12 ZI-data=612  
FromELF: creating hex file...
".\PWM.axf" - 0 Error(s), 0 Warning(s).
</pre>
</body>
</html>
