<html>
<body>
<pre>
<h1>µVision Build Log</h1>
<h2>Project:</h2>
D:\BEERAPPA\WORKING_FOLDER\ALS-SDA-ARMCTXM3-06\ALS-SDA-ARMCTXM3-06_24sept_17\SOFTWARES - Copy\3stepper_motor\steppermtr.uvproj
Project File Date:  09/24/2017

<h2>Output:</h2>
Build target 'Target 1'
assembling startup_LPC17xx.s...
compiling stpper.c...
compiling system_LPC17xx.c...
linking...
Program Size: Code=1564 RO-data=236 RW-data=24 ZI-data=608  
FromELF: creating hex file...
"steppermtr.axf" - 0 Error(s), 0 Warning(s).
Build target 'Target 1'
linking...
Program Size: Code=1564 RO-data=236 RW-data=24 ZI-data=608  
FromELF: creating hex file...
"steppermtr.axf" - 0 Error(s), 0 Warning(s).
Build target 'Target 1'
assembling startup_LPC17xx.s...
compiling stpper.c...
compiling system_LPC17xx.c...
linking...
Program Size: Code=1564 RO-data=236 RW-data=24 ZI-data=608  
FromELF: creating hex file...
"steppermtr.axf" - 0 Error(s), 0 Warning(s).
Build target 'Target 1'
assembling startup_LPC17xx.s...
compiling stpper.c...
compiling system_LPC17xx.c...
linking...
Program Size: Code=1564 RO-data=236 RW-data=24 ZI-data=608  
FromELF: creating hex file...
"steppermtr.axf" - 0 Error(s), 0 Warning(s).
