<html>
<body>
<pre>
<h1>µVision Build Log</h1>
<h2>Project:</h2>
D:\BEERAPPA\WORKING_FOLDER\ALS-SDA-ARMCTXM3-06\ALS-SDA-ARMCTXM3-06_24sept_17\SOFTWARES - Copy\2b.dcmotor_direction_control\DCM.uvproj
Project File Date:  12/29/2017

<h2>Output:</h2>
Build target 'Target 1'
linking...
Program Size: Code=1392 RO-data=236 RW-data=8 ZI-data=608  
FromELF: creating hex file...
".\DCM.axf" - 0 Error(s), 0 Warning(s).
</pre>
</body>
</html>
ating hex file...
".\DCM.axf" - 0 Error(s), 0 Warning(s).
