<html>
<body>
<pre>
<h1>µVision Build Log</h1>
<h2>Project:</h2>
D:\BEERAPPA\WORKING_FOLDER\ALS-SDA-ARMCTXM3-06\assembly_1768\16_bit_mul\mul.uvproj
Project File Date:  10/30/2017

<h2>Output:</h2>
Build target 'Target 1'
assembling startup_LPC17xx.s...
compiling system_LPC17xx.c...
compiling mul.c...
assembling multi.s...
compiling LCD.c...
LCD.c(184): warning:  #223-D: function "sprintf" declared implicitly
LCD.c(174): warning:  #177-D: variable "var1" was declared but never referenced
LCD.c(174): warning:  #177-D: variable "var2" was declared but never referenced
linking...
Program Size: Code=2588 RO-data=368 RW-data=36 ZI-data=524  
FromELF: creating hex file...
"mul.axf" - 0 Error(s), 3 Warning(s).
